SEQUENCE_ID=must_match_length_2
SEQUENCE_TEMPLATE=TAGCTGATGCTAGCTAGCGTGGGCATGCTAGCTAGCTGATGCAGCTAGCTGATCGTAGCTAGCTATCGATCGTAGCTGACTGATCGTAGCTAGCTGATCGATGCTAGCTAGCTAGCTGATCATCTACGTAGCTGACTATCGATGCTACTACTATCGATCGTAGCTAGCTGATCGTAGCTAGCTAGCTGATGCTAC
PRIMER_MUST_MATCH_THREE_PRIME=NNNN
PRIMER_ERROR=PRIMER_MUST_MATCH_THREE_PRIME must have 5 characters
=
