SEQUENCE_ID=must_match_length_7
SEQUENCE_TEMPLATE=TAGCTGATGCTAGCTAGCGTGGGCATGCTAGCTAGCTGATGCAGCTAGCTGATCGTAGCTAGCTATCGATCGTAGCTGACTGATCGTAGCTAGCTGATCGATGCTAGCTAGCTAGCTGATCATCTACGTAGCTGACTATCGATGCTACTACTATCGATCGTAGCTAGCTGATCGTAGCTAGCTAGCTGATGCTAC
PRIMER_INTERNAL_MUST_MATCH_FIVE_PRIME=NNNNNN
PRIMER_ERROR=PRIMER_INTERNAL_MUST_MATCH_FIVE_PRIME must have 5 characters
=
