SEQUENCE_ID=must_match_length_5
SEQUENCE_TEMPLATE=TAGCTGATGCTAGCTAGCGTGGGCATGCTAGCTAGCTGATGCAGCTAGCTGATCGTAGCTAGCTATCGATCGTAGCTGACTGATCGTAGCTAGCTGATCGATGCTAGCTAGCTAGCTGATCATCTACGTAGCTGACTATCGATGCTACTACTATCGATCGTAGCTAGCTGATCGTAGCTAGCTAGCTGATGCTAC
PRIMER_MUST_MATCH_FIVE_PRIME=NNNNNN
PRIMER_ERROR=PRIMER_MUST_MATCH_FIVE_PRIME must have 5 characters
=
