SEQUENCE_ID=must_match_length_10
SEQUENCE_TEMPLATE=TAGCTGATGCTAGCTAGCGTGGGCATGCTAGCTAGCTGATGCAGCTAGCTGATCGTAGCTAGCTATCGATCGTAGCTGACTGATCGTAGCTAGCTGATCGATGCTAGCTAGCTAGCTGATCATCTACGTAGCTGACTATCGATGCTACTACTATCGATCGTAGCTAGCTGATCGTAGCTAGCTAGCTGATGCTAC
PRIMER_MUST_MATCH_THREE_PRIME=NQNNN
PRIMER_ERROR=Illegal values for PRIMER_MUST_MATCH_THREE_PRIME
=
