SEQUENCE_ID=must_match_length_9
SEQUENCE_TEMPLATE=TAGCTGATGCTAGCTAGCGTGGGCATGCTAGCTAGCTGATGCAGCTAGCTGATCGTAGCTAGCTATCGATCGTAGCTGACTGATCGTAGCTAGCTGATCGATGCTAGCTAGCTAGCTGATCATCTACGTAGCTGACTATCGATGCTACTACTATCGATCGTAGCTAGCTGATCGTAGCTAGCTAGCTGATGCTAC
PRIMER_MUST_MATCH_THREE_PRIME=NNZNN
PRIMER_ERROR=Illegal values for PRIMER_MUST_MATCH_THREE_PRIME
=
