SEQUENCE_ID=must_match_length_8
SEQUENCE_TEMPLATE=TAGCTGATGCTAGCTAGCGTGGGCATGCTAGCTAGCTGATGCAGCTAGCTGATCGTAGCTAGCTATCGATCGTAGCTGACTGATCGTAGCTAGCTGATCGATGCTAGCTAGCTAGCTGATCATCTACGTAGCTGACTATCGATGCTACTACTATCGATCGTAGCTAGCTGATCGTAGCTAGCTAGCTGATGCTAC
PRIMER_INTERNAL_MUST_MATCH_THREE_PRIME=NNNNNN
PRIMER_ERROR=PRIMER_INTERNAL_MUST_MATCH_THREE_PRIME must have 5 characters
=
